Focus Node: http://example.org/UA/AS-005/nodei3000
Focus Node: http://example.org/UA/AS-005/nodei3002
Message: AS-005: http://example.org/UA/AS-005/nodei3000 is a Property (reached from http://example.org/UA/AS-005/nodei2000) but is the SourceNode of the hierarchical Reference http://opcfoundation.org/UA/HasProperty to http://example.org/UA/AS-005/nodei3001. Properties shall not be the SourceNode of any hierarchical Reference.
Message: AS-005: http://example.org/UA/AS-005/nodei3002 is a Property (reached from http://example.org/UA/AS-005/nodei2000) but is the SourceNode of the hierarchical Reference http://opcfoundation.org/UA/Organizes to http://example.org/UA/AS-005/nodei2001. Properties shall not be the SourceNode of any hierarchical Reference.
