Focus Node: http://example.org/UA/AS-057/nodei3000
Focus Node: http://example.org/UA/AS-057/nodei3001
Message: AS-057: Variable http://example.org/UA/AS-057/nodei3000 is the TargetNode of a HasProperty Reference from http://example.org/UA/AS-057/nodei2000 and of a HasComponent Reference from http://example.org/UA/AS-057/nodei2000. A Variable is either a Property or a DataVariable, never both.
Message: AS-057: Variable http://example.org/UA/AS-057/nodei3001 is the TargetNode of a HasProperty Reference from http://example.org/UA/AS-057/nodei2000 and of a HasComponent Reference from http://example.org/UA/AS-057/nodei2000. A Variable is either a Property or a DataVariable, never both.
